
> split-budget@0.0.0 build
> tsc -b && vite build

vite v8.2.2 building client environment for production...
transforming...
✓ 656 modules transformed.
rendering chunks...
computing gzip size...
dist/registerSW.js                0.13 kB
dist/manifest.webmanifest         0.50 kB
dist/index.html                   1.22 kB │ gzip:   0.60 kB
dist/assets/index-L5tLBIR1.css    9.40 kB │ gzip:   2.80 kB
dist/assets/index-CB5f8Ju7.js   652.36 kB │ gzip: 194.14 kB

[plugin builtin:vite-reporter] 
(!) Some chunks are larger than 500 kB after minification. Consider:
- Using dynamic import() to code-split the application
- Use build.rolldownOptions.output.codeSplitting to improve chunking: https://rolldown.rs/reference/OutputOptions.codeSplitting
- Adjust chunk size limit for this warning via build.chunkSizeWarningLimit.
✓ built in 510ms

PWA v1.3.0
mode      generateSW
precache  14 entries (655.16 KiB)
files generated
  dist/sw.js
  dist/workbox-9c191d2f.js
EXIT:0
